[struct stat="OK", iter=0]
[struct stat="OK", iter=1]
